This is pdfTeX, Version 3.141592653-2.6-1.40.28 (MiKTeX 25.12) (preloaded format=pdflatex.fmt)
 restricted \write18 enabled.
entering extended mode
(main.tex
LaTeX2e <2025-11-01>
L3 programming layer <2025-12-24>
(ieeeaccess.cls
(C:\Users\Software\AppData\Local\Programs\MiKTeX\tex/latex/ieeetran\IEEEtran.cl
s
Document Class: IEEEtran 2015/08/26 V1.8b by Michael Shell
-- See the "IEEEtran_HOWTO" manual for usage information.
-- http://www.michaelshell.org/tex/ieeetran/
(C:\Users\Software\AppData\Local\Programs\MiKTeX\tex/latex/psnfss\ot1ptm.fd)
-- Using 8.5in x 11in (letter) paper.
-- Using PDF output.
-- This is a 10 point document.
) (C:\Users\Software\AppData\Local\Programs\MiKTeX\tex/generic/iftex\ifpdf.sty
(C:\Users\Software\AppData\Local\Programs\MiKTeX\tex/generic/iftex\iftex.sty))
(C:\Users\Software\AppData\Local\Programs\MiKTeX\tex/latex/xkeyval\xkeyval.sty
(C:\Users\Software\AppData\Local\Programs\MiKTeX\tex/generic/xkeyval\xkeyval.te
x
(C:\Users\Software\AppData\Local\Programs\MiKTeX\tex/generic/xkeyval\xkvutils.t
ex
(C:\Users\Software\AppData\Local\Programs\MiKTeX\tex/generic/xkeyval\keyval.tex
)))){C:/Users/Software/AppData/Local/MiKTeX/fonts/map/pdftex/pdftex.map}{./t1-t
imes.map}{./t1-formata.map}{./t1-giovannistd.map}
(C:\Users\Software\AppData\Local\Programs\MiKTeX\tex/latex/graphics\color.sty
(C:\Users\Software\AppData\Local\Programs\MiKTeX\tex/latex/graphics-cfg\color.c
fg)
(C:\Users\Software\AppData\Local\Programs\MiKTeX\tex/latex/graphics-def\pdftex.
def)
(C:\Users\Software\AppData\Local\Programs\MiKTeX\tex/latex/graphics\mathcolor.l
tx)) (spotcolor.sty
(C:\Users\Software\AppData\Local\Programs\MiKTeX\tex/latex/graphics\graphics.st
y (C:\Users\Software\AppData\Local\Programs\MiKTeX\tex/latex/graphics\trig.sty)

(C:\Users\Software\AppData\Local\Programs\MiKTeX\tex/latex/graphics-cfg\graphic
s.cfg))))
(C:\Users\Software\AppData\Local\Programs\MiKTeX\tex/latex/amsmath\amsmath.sty
For additional information on amsmath, use the `?' option.
(C:\Users\Software\AppData\Local\Programs\MiKTeX\tex/latex/amsmath\amstext.sty
(C:\Users\Software\AppData\Local\Programs\MiKTeX\tex/latex/amsmath\amsgen.sty))
 (C:\Users\Software\AppData\Local\Programs\MiKTeX\tex/latex/amsmath\amsbsy.sty)
 (C:\Users\Software\AppData\Local\Programs\MiKTeX\tex/latex/amsmath\amsopn.sty)
)
(C:\Users\Software\AppData\Local\Programs\MiKTeX\tex/latex/amsfonts\amssymb.sty

(C:\Users\Software\AppData\Local\Programs\MiKTeX\tex/latex/amsfonts\amsfonts.st
y)) (C:\Users\Software\AppData\Local\Programs\MiKTeX\tex/latex/tools\array.sty)

(C:\Users\Software\AppData\Local\Programs\MiKTeX\tex/latex/booktabs\booktabs.st
y) (C:\Users\Software\AppData\Local\Programs\MiKTeX\tex/latex/cite\cite.sty)
(C:\Users\Software\AppData\Local\Programs\MiKTeX\tex/latex/graphics\graphicx.st
y)
(C:\Users\Software\AppData\Local\Programs\MiKTeX\tex/latex/multirow\multirow.st
y)
(C:\Users\Software\AppData\Local\Programs\MiKTeX\tex/latex/hyperref\hyperref.st
y
(C:\Users\Software\AppData\Local\Programs\MiKTeX\tex/latex/kvsetkeys\kvsetkeys.
sty)
(C:\Users\Software\AppData\Local\Programs\MiKTeX\tex/generic/kvdefinekeys\kvdef
inekeys.sty)
(C:\Users\Software\AppData\Local\Programs\MiKTeX\tex/generic/pdfescape\pdfescap
e.sty
(C:\Users\Software\AppData\Local\Programs\MiKTeX\tex/generic/ltxcmds\ltxcmds.st
y)
(C:\Users\Software\AppData\Local\Programs\MiKTeX\tex/generic/pdftexcmds\pdftexc
mds.sty
(C:\Users\Software\AppData\Local\Programs\MiKTeX\tex/generic/infwarerr\infwarer
r.sty)))
(C:\Users\Software\AppData\Local\Programs\MiKTeX\tex/latex/hycolor\hycolor.sty)

(C:\Users\Software\AppData\Local\Programs\MiKTeX\tex/latex/hyperref\nameref.sty

(C:\Users\Software\AppData\Local\Programs\MiKTeX\tex/latex/refcount\refcount.st
y)
(C:\Users\Software\AppData\Local\Programs\MiKTeX\tex/generic/gettitlestring\get
titlestring.sty
(C:\Users\Software\AppData\Local\Programs\MiKTeX\tex/latex/kvoptions\kvoptions.
sty)))
(C:\Users\Software\AppData\Local\Programs\MiKTeX\tex/latex/etoolbox\etoolbox.st
y)
(C:\Users\Software\AppData\Local\Programs\MiKTeX\tex/generic/stringenc\stringen
c.sty)
(C:\Users\Software\AppData\Local\Programs\MiKTeX\tex/latex/hyperref\pd1enc.def)

(C:\Users\Software\AppData\Local\Programs\MiKTeX\tex/generic/intcalc\intcalc.st
y)
(C:\Users\Software\AppData\Local\Programs\MiKTeX\tex/latex/hyperref\puenc.def)
(C:\Users\Software\AppData\Local\Programs\MiKTeX\tex/latex/url\url.sty)
(C:\Users\Software\AppData\Local\Programs\MiKTeX\tex/generic/bitset\bitset.sty
(C:\Users\Software\AppData\Local\Programs\MiKTeX\tex/generic/bigintcalc\bigintc
alc.sty)))
(C:\Users\Software\AppData\Local\Programs\MiKTeX\tex/latex/hyperref\hpdftex.def

(C:\Users\Software\AppData\Local\Programs\MiKTeX\tex/latex/rerunfilecheck\rerun
filecheck.sty
(C:\Users\Software\AppData\Local\Programs\MiKTeX\tex/generic/uniquecounter\uniq
uecounter.sty)))
(C:\Users\Software\AppData\Local\Programs\MiKTeX\tex/latex/base\textcomp.sty)
(C:\Users\Software\AppData\Local\Programs\MiKTeX\tex/latex/tools\bm.sty)
(C:\Users\Software\AppData\Local\Programs\MiKTeX\tex/latex/l3backend\l3backend-
pdftex.def) (main.aux)
-- Lines per column: 56 (exact).
(C:\Users\Software\AppData\Local\Programs\MiKTeX\tex/latex/psnfss\t1ptm.fd)
(t1times.fd)
(C:\Users\Software\AppData\Local\Programs\MiKTeX\tex/context/base/mkii\supp-pdf
.mkii
[Loading MPS to PDF converter (version 2006.09.02).]
)
(C:\Users\Software\AppData\Local\Programs\MiKTeX\tex/latex/epstopdf-pkg\epstopd
f-base.sty
(C:\Users\Software\AppData\Local\Programs\MiKTeX\tex/latex/00miktex\epstopdf-sy
s.cfg)) (main.out) (main.out)
(C:\Users\Software\AppData\Local\Programs\MiKTeX\tex/latex/amsfonts\umsa.fd)
(C:\Users\Software\AppData\Local\Programs\MiKTeX\tex/latex/amsfonts\umsb.fd)
Overfull \hbox (9.2679pt too wide) in paragraph at lines 86--86
[]  

Overfull \hbox (9.2679pt too wide) in paragraph at lines 86--86
[]  

Underfull \vbox (badness 2707) has occurred while \output is active
Overfull \hbox (505.12177pt too wide) has occurred while \output is active
[]

Overfull \hbox (505.12177pt too wide) has occurred while \output is active
[]

Overfull \hbox (505.12177pt too wide) has occurred while \output is active
[]

Underfull \hbox (badness 10000) has occurred while \output is active
[]
[1 <./logo.png> <./bullet.png>]
Underfull \hbox (badness 2662) in paragraph at lines 120--134
\T1/times/n/n/10 ual Ana-log Cor-rec-tion mech-a-nism for au-ditable PM2.5

Underfull \hbox (badness 1436) in paragraph at lines 120--134
\T1/times/n/n/10 fore-cast-ing with event con-text eval-u-ated as an aux-il-iar
y

Underfull \hbox (badness 2261) in paragraph at lines 120--134
\T1/times/n/n/10 ev-i-dence chan-nel un-der tem-po-ral dis-tri-bu-tion shift. T
he

Underfull \hbox (badness 2478) in paragraph at lines 120--134
\T1/times/n/n/10 a Source-Audited Con-text Builder (SACB), a Leakage-

Underfull \hbox (badness 2310) in paragraph at lines 145--148
[]\T1/times/m/it/10 TRACE resid-ual cor-rec-tion: \T1/times/n/n/10 an out-of-fo
ld resid-ual

Underfull \hbox (badness 3758) in paragraph at lines 145--148
\T1/times/n/n/10 mem-ory and validation-trained re-li-a-bil-ity gate that

Underfull \hbox (badness 3375) in paragraph at lines 195--211
\T1/times/n/n/10 scratch for each se-ries. TimesFM uses a decoder-only

Underfull \hbox (badness 1831) in paragraph at lines 195--211
\T1/times/n/n/10 fore-cast-ing de-sign; Moirai trains a uni-ver-sal fore-cast-i
ng

LaTeX Font Warning: Font shape `T1/formata/m/sl' undefined
(Font)              using `T1/formata/m/it' instead on input line 223.


Overfull \hbox (505.12177pt too wide) has occurred while \output is active
[]

Overfull \hbox (505.12177pt too wide) has occurred while \output is active
[]

Underfull \hbox (badness 10000) has occurred while \output is active
[]
[2 <./notaglinelogo.png>]
Underfull \hbox (badness 6691) in paragraph at lines 306--310
[]\T1/times/m/it/10 Leakage-Safe Event-Context Re-triever (LSER): \T1/times/n/n
/10 re-

LaTeX Font Warning: Font shape `T1/formata/m/sl' undefined
(Font)              using `T1/formata/m/it' instead on input line 314.


Overfull \hbox (505.12177pt too wide) has occurred while \output is active
[]

Overfull \hbox (505.12177pt too wide) has occurred while \output is active
[]

Underfull \hbox (badness 10000) has occurred while \output is active
[]
[3]
Underfull \hbox (badness 2393) in paragraph at lines 314--317
[]\T1/times/m/it/10 Drift-Aware Fore-cast and Ev-i-dence Head (DFEH):

Underfull \hbox (badness 4899) in paragraph at lines 319--324
[]\T1/times/n/n/10 The em-pir-i-cal con-tri-bu-tion is in-ten-tion-ally qual-i-
fied.

LaTeX Font Warning: Font shape `T1/formata/m/sl' undefined
(Font)              using `T1/formata/m/it' instead on input line 453.


Overfull \hbox (505.12177pt too wide) has occurred while \output is active
[]

Overfull \hbox (505.12177pt too wide) has occurred while \output is active
[]

Underfull \hbox (badness 10000) has occurred while \output is active
[]
[4]
Underfull \hbox (badness 1394) in paragraph at lines 489--496
\T1/times/n/n/10 con-struc-tion. EPA mon-i-tor records are ag-gre-gated to an
(C:\Users\Software\AppData\Local\Programs\MiKTeX\tex/latex/psnfss\t1pcr.fd)

LaTeX Font Warning: Font shape `T1/pcr/n/n' undefined
(Font)              using `T1/pcr/m/n' instead on input line 512.


Underfull \vbox (badness 10000) has occurred while \output is active

LaTeX Font Warning: Font shape `T1/formata/m/sl' undefined
(Font)              using `T1/formata/m/it' instead on input line 529.


Overfull \hbox (505.12177pt too wide) has occurred while \output is active
[]

Overfull \hbox (505.12177pt too wide) has occurred while \output is active
[]

Underfull \hbox (badness 10000) has occurred while \output is active
[]
[5{C:/Users/Software/AppData/Local/Programs/MiKTeX/fonts/enc/dvips/base/8r.enc}
 <./figures/event_timeraf_pipeline_overview.pdf>]

LaTeX Font Warning: Font shape `T1/formata/m/sl' undefined
(Font)              using `T1/formata/m/it' instead on input line 599.


Overfull \hbox (505.12177pt too wide) has occurred while \output is active
[]

Overfull \hbox (505.12177pt too wide) has occurred while \output is active
[]

Underfull \hbox (badness 10000) has occurred while \output is active
[]
[6 <./figures/source_audited_context_builder.pdf>]

LaTeX Font Warning: Font shape `T1/formata/m/sl' undefined
(Font)              using `T1/formata/m/it' instead on input line 673.


Overfull \hbox (505.12177pt too wide) has occurred while \output is active
[]

Overfull \hbox (505.12177pt too wide) has occurred while \output is active
[]

Underfull \hbox (badness 10000) has occurred while \output is active
[]
[7 <./figures/leakage_safe_event_context_retriever.pdf>]
Underfull \hbox (badness 1558) in paragraph at lines 704--709
\T1/times/n/n/10 Residuals are clipped in-de-pen-dently by hori-zon at their

Underfull \hbox (badness 3098) in paragraph at lines 739--746
\T1/times/n/n/10 A depth-2 his-togram gradient-boosting re-gres-sor $\T1/times/
m/it/10 h[]\OT1/cmr/m/n/10 (\T1/times/m/it/10 z[]\OT1/cmr/m/n/10 )$

LaTeX Font Warning: Font shape `T1/formata/m/sl' undefined
(Font)              using `T1/formata/m/it' instead on input line 797.


Overfull \hbox (505.12177pt too wide) has occurred while \output is active
[]

Overfull \hbox (505.12177pt too wide) has occurred while \output is active
[]

Underfull \hbox (badness 10000) has occurred while \output is active
[]
[8]

LaTeX Font Warning: Font shape `T1/formata/m/sl' undefined
(Font)              using `T1/formata/m/it' instead on input line 863.


Overfull \hbox (505.12177pt too wide) has occurred while \output is active
[]

Overfull \hbox (505.12177pt too wide) has occurred while \output is active
[]

Underfull \hbox (badness 10000) has occurred while \output is active
[]
[9 <./figures/drift_aware_forecast_evidence_head.pdf>]
Underfull \hbox (badness 2698) in paragraph at lines 880--881
[]|\T1/times/m/n/8 Improve zero-shot fore-cast-ing by aug-ment-ing a frozen

Underfull \hbox (badness 10000) in paragraph at lines 893--895
[]|\T1/times/m/n/8 Convex LightGBM--XGBoost con-text en-sem-ble; frozen

Underfull \hbox (badness 3482) in paragraph at lines 895--896
[]|\T1/times/m/n/8 Non-overlapping knowl-edge win-dows and cross-dataset

Underfull \hbox (badness 2318) in paragraph at lines 934--948
[]\T1/times/n/n/10 Environmental events were loaded from hash-verified

Underfull \hbox (badness 3919) in paragraph at lines 934--948
\T1/times/n/n/10 NOAA Storm Events an-nual de-tail archives [[]40[]]. Be-

Underfull \hbox (badness 1490) in paragraph at lines 934--948
\T1/times/n/n/10 a source man-i-fest with of-fi-cial URLs, byte counts, and

Underfull \hbox (badness 1838) in paragraph at lines 934--948
\T1/times/n/n/10 SHA-256 hashes. The au-dit re-tained the de-liv-ery mode

Underfull \hbox (badness 3049) in paragraph at lines 978--979
[]|\T1/times/m/n/8 2019--2025; 0.9923 us-able

Underfull \hbox (badness 1436) in paragraph at lines 1017--1028
\T1/times/n/n/10 from EPA Air-Data, NOAA GHCNh, and NOAA Storm

Underfull \hbox (badness 1448) in paragraph at lines 1017--1028
\T1/times/n/n/10 Events [[]38[]]--[[]40[]]. The ex-per-i-ment used a lo-cally s
taged

Underfull \hbox (badness 1596) in paragraph at lines 1017--1028
\T1/pcr/n/n/10 chronos-forecasting \T1/times/n/n/10 pack-age; the repos-i-tory 
con-

Underfull \hbox (badness 2538) in paragraph at lines 1039--1049
\T1/times/n/n/10 TRACE-RAF model is com-pared with its C06 con-text

Underfull \hbox (badness 1571) in paragraph at lines 1039--1049
\T1/times/n/n/10 en-sem-ble and the event-free A03 gate. M12 is a sep-a-

LaTeX Font Warning: Font shape `T1/formata/m/sl' undefined
(Font)              using `T1/formata/m/it' instead on input line 1082.


Overfull \hbox (505.12177pt too wide) has occurred while \output is active
[]

Overfull \hbox (505.12177pt too wide) has occurred while \output is active
[]

Underfull \hbox (badness 10000) has occurred while \output is active
[]
[10]
Underfull \hbox (badness 3460) in paragraph at lines 1123--1127
\T1/times/n/n/10 The pri-mary met-rics are MSE, MAE, RMSE, MAPE,

Underfull \hbox (badness 5681) in paragraph at lines 1169--1169
[]|\T1/times/m/n/8 PatchTST-style Trans-form-

Underfull \hbox (badness 3108) in paragraph at lines 1171--1173
[]|\T1/times/m/n/8 Frozen zero-shot base-line used in this

Underfull \hbox (badness 10000) in paragraph at lines 1173--1175
\T1/times/m/n/8 does not tar-get of-fi-cial event-context

Underfull \hbox (badness 4366) in paragraph at lines 1175--1175
[]|\T1/times/m/n/8 XGBoost con-text base-line

LaTeX Font Warning: Font shape `T1/formata/m/sl' undefined
(Font)              using `T1/formata/m/it' instead on input line 1224.


Overfull \hbox (505.12177pt too wide) has occurred while \output is active
[]

Overfull \hbox (505.12177pt too wide) has occurred while \output is active
[]

Underfull \hbox (badness 10000) has occurred while \output is active
[]
[11]

LaTeX Font Warning: Font shape `T1/formata/m/sl' undefined
(Font)              using `T1/formata/m/it' instead on input line 1365.


Overfull \hbox (505.12177pt too wide) has occurred while \output is active
[]

Overfull \hbox (505.12177pt too wide) has occurred while \output is active
[]

Underfull \hbox (badness 10000) has occurred while \output is active
[]
[12]
Underfull \vbox (badness 4144) has occurred while \output is active
Underfull \vbox (badness 10000) has occurred while \output is active

LaTeX Font Warning: Font shape `T1/formata/m/sl' undefined
(Font)              using `T1/formata/m/it' instead on input line 1424.


Overfull \hbox (505.12177pt too wide) has occurred while \output is active
[]

Overfull \hbox (505.12177pt too wide) has occurred while \output is active
[]

Underfull \hbox (badness 10000) has occurred while \output is active
[]
[13]
Underfull \vbox (badness 1424) has occurred while \output is active

LaTeX Font Warning: Font shape `T1/formata/m/sl' undefined
(Font)              using `T1/formata/m/it' instead on input line 1457.


Overfull \hbox (505.12177pt too wide) has occurred while \output is active
[]

Overfull \hbox (505.12177pt too wide) has occurred while \output is active
[]

Underfull \hbox (badness 10000) has occurred while \output is active
[]
[14]
Underfull \hbox (badness 2158) in paragraph at lines 1510--1520
\T1/times/n/n/10 Within the DFEH, a source-grounded fore-cast ev-i-dence

Underfull \vbox (badness 2237) has occurred while \output is active

LaTeX Font Warning: Font shape `T1/formata/m/sl' undefined
(Font)              using `T1/formata/m/it' instead on input line 1532.


Overfull \hbox (505.12177pt too wide) has occurred while \output is active
[]

Overfull \hbox (505.12177pt too wide) has occurred while \output is active
[]

Underfull \hbox (badness 10000) has occurred while \output is active
[]
[15 <./figures/mse_by_horizon.pdf>]
Underfull \hbox (badness 1810) in paragraph at lines 1571--1572
[]|\T1/times/m/n/8 Mean, vari-ance, weather, sim-i-lar-ity, and

Underfull \hbox (badness 6396) in paragraph at lines 1597--1609
\T1/times/n/n/10 ter-nal run-time in a Linux en-vi-ron-ment us-ing Python

Underfull \hbox (badness 1424) in paragraph at lines 1597--1609
\T1/times/n/n/10 3.12.13. All three note-books com-pleted with-out cell er-

Underfull \hbox (badness 1845) in paragraph at lines 1597--1609
\T1/times/n/n/10 rors. The recorded ver-sions in-clude NumPy 2.0.2, pan-

Underfull \hbox (badness 1789) in paragraph at lines 1597--1609
\T1/times/n/n/10 das 2.3.3, scikit-learn 1.6.1, XG-Boost 3.2.0, Light-GBM

Underfull \hbox (badness 3780) in paragraph at lines 1597--1609
\T1/times/n/n/10 4.6.0, Py-Torch 2.10.0+cu128, Trans-form-ers 4.57.6, and

LaTeX Font Warning: Font shape `T1/formata/m/sl' undefined
(Font)              using `T1/formata/m/it' instead on input line 1609.


Overfull \hbox (505.12177pt too wide) has occurred while \output is active
[]

Overfull \hbox (505.12177pt too wide) has occurred while \output is active
[]

Underfull \hbox (badness 10000) has occurred while \output is active
[]
[16 <./figures/mae_by_horizon.pdf> <./figures/drift_scores.png> <./figures/fore
cast_case.png> <./figures/forecast_event_case.png>]

LaTeX Font Warning: Font shape `T1/formata/m/sl' undefined
(Font)              using `T1/formata/m/it' instead on input line 1715.


Overfull \hbox (505.12177pt too wide) has occurred while \output is active
[]

Overfull \hbox (505.12177pt too wide) has occurred while \output is active
[]

Underfull \hbox (badness 10000) has occurred while \output is active
[]
[17] (main.bbl

LaTeX Font Warning: Font shape `T1/formata/m/sl' undefined
(Font)              using `T1/formata/m/it' instead on input line 193.


Overfull \hbox (505.12177pt too wide) has occurred while \output is active
[]

Overfull \hbox (505.12177pt too wide) has occurred while \output is active
[]

Underfull \hbox (badness 10000) has occurred while \output is active
[]
[18])

Package hyperref Warning: The anchor of a bookmark and its parent's must not
(hyperref)                be the same. Added a new anchor on input line 1740.


LaTeX Font Warning: Font shape `T1/formata/m/sl' undefined
(Font)              using `T1/formata/m/it' instead on input line 1768.


Overfull \hbox (505.12177pt too wide) has occurred while \output is active
[]

Overfull \hbox (505.12177pt too wide) has occurred while \output is active
[]

Underfull \hbox (badness 10000) has occurred while \output is active
[]
[19] (main.aux)

LaTeX Font Warning: Some font shapes were not available, defaults substituted.

 )
(see the transcript file for additional information)
pdfTeX warning (dest): name{section*.1} has been referenced but does not exist,
 replaced by a fixed one

<C:/Users/Software/AppData/Local/Programs/MiKTeX/fonts/type1/public/amsfonts/cm
/cmex10.pfb><C:/Users/Software/AppData/Local/Programs/MiKTeX/fonts/type1/public
/amsfonts/cm/cmmi10.pfb><C:/Users/Software/AppData/Local/Programs/MiKTeX/fonts/
type1/public/amsfonts/cm/cmmi7.pfb><C:/Users/Software/AppData/Local/Programs/Mi
KTeX/fonts/type1/public/amsfonts/cm/cmmi8.pfb><C:/Users/Software/AppData/Local/
Programs/MiKTeX/fonts/type1/public/amsfonts/cm/cmr10.pfb><C:/Users/Software/App
Data/Local/Programs/MiKTeX/fonts/type1/public/amsfonts/cm/cmr6.pfb><C:/Users/So
ftware/AppData/Local/Programs/MiKTeX/fonts/type1/public/amsfonts/cm/cmr7.pfb><C
:/Users/Software/AppData/Local/Programs/MiKTeX/fonts/type1/public/amsfonts/cm/c
mr8.pfb><C:/Users/Software/AppData/Local/Programs/MiKTeX/fonts/type1/public/ams
fonts/cm/cmsy10.pfb><C:/Users/Software/AppData/Local/Programs/MiKTeX/fonts/type
1/public/amsfonts/cm/cmsy7.pfb><C:/Users/Software/AppData/Local/Programs/MiKTeX
/fonts/type1/public/amsfonts/cm/cmsy8.pfb><C:/Users/Software/AppData/Local/Prog
rams/MiKTeX/fonts/type1/public/amsfonts/symbols/msbm10.pfb><./t1-formata-bold.p
fb><./t1-formata-condmedium.pfb><./t1-formata-medium.pfb><./t1-formata-mediumit
alic.pfb><./t1-formata-regular.pfb><./t1-giovannistd-bookitalic.pfb><./t1-times
-bold.pfb><./t1-times-italic.pfb><./t1-times.pfb><C:/Users/Software/AppData/Loc
al/Programs/MiKTeX/fonts/type1/urw/courier/ucrr8a.pfb>
Output written on main.pdf (19 pages, 1579293 bytes).
Transcript written on main.log.
